> Task :app:preBuild UP-TO-DATE
> Task :app:preDebugBuild UP-TO-DATE
> Task :app:mergeDebugNativeDebugMetadata NO-SOURCE
> Task :app:generateDebugResources UP-TO-DATE
> Task :app:packageDebugResources UP-TO-DATE
> Task :app:processDebugNavigationResources UP-TO-DATE
> Task :app:parseDebugLocalResources UP-TO-DATE
> Task :app:generateDebugRFile UP-TO-DATE
> Task :app:javaPreCompileDebug UP-TO-DATE
> Task :app:generateDebugAssets UP-TO-DATE
> Task :app:mergeDebugAssets UP-TO-DATE
> Task :app:compressDebugAssets UP-TO-DATE
> Task :app:checkDebugDuplicateClasses UP-TO-DATE
> Task :app:desugarDebugFileDependencies UP-TO-DATE
> Task :app:mergeExtDexDebug UP-TO-DATE
> Task :app:mergeLibDexDebug UP-TO-DATE
> Task :app:checkDebugAarMetadata UP-TO-DATE
> Task :app:mapDebugSourceSetPaths UP-TO-DATE
> Task :app:compileDebugNavigationResources UP-TO-DATE
> Task :app:mergeDebugResources UP-TO-DATE
> Task :app:createDebugCompatibleScreenManifests UP-TO-DATE
> Task :app:extractDeepLinksDebug UP-TO-DATE
> Task :app:processDebugMainManifest UP-TO-DATE
> Task :app:processDebugManifest UP-TO-DATE
> Task :app:processDebugManifestForPackage UP-TO-DATE
> Task :app:processDebugResources UP-TO-DATE
> Task :app:mergeDebugJniLibFolders UP-TO-DATE
> Task :app:mergeDebugNativeLibs UP-TO-DATE
> Task :app:stripDebugDebugSymbols UP-TO-DATE
> Task :app:validateSigningDebug UP-TO-DATE
> Task :app:writeDebugAppMetadata UP-TO-DATE
> Task :app:writeDebugSigningConfigVersions UP-TO-DATE

> Task :app:compileDebugKotlin FAILED
./gradlew : e: file:///E:/Android%20studio/SamiBoxTV/app/src/main/java/com/launcher/samiboxtv/ui/HomeScreen.kt:11:31 Unresolved reference 'lazy'.
En línea: 1 Carácter: 1
+ ./gradlew assembleDebug > build_output.txt 2>&1
+ ~~~~~~~~~~~~~~~~~~~~~~~~~~~~~~~~~~~~~~~~~~~~~~~
    + CategoryInfo          : NotSpecified: (e: file:///E:/A...ference 'lazy'.:String) [], RemoteException
    + FullyQualifiedErrorId : NativeCommandError
 
e: file:///E:/Android%20studio/SamiBoxTV/app/src/main/java/com/launcher/samiboxtv/ui/HomeScreen.kt:12:31 Unresolved reference 'lazy'.
e: file:///E:/Android%20studio/SamiBoxTV/app/src/main/java/com/launcher/samiboxtv/ui/HomeScreen.kt:13:31 Unresolved reference 'lazy'.
e: file:///E:/Android%20studio/SamiBoxTV/app/src/main/java/com/launcher/samiboxtv/ui/HomeScreen.kt:26:19 Unresolved reference 'TvGridCells'.
e: file:///E:/Android%20studio/SamiBoxTV/app/src/main/java/com/launcher/samiboxtv/ui/HomeScreen.kt:32:9 Unresolved reference 'items'.
e: file:///E:/Android%20studio/SamiBoxTV/app/src/main/java/com/launcher/samiboxtv/ui/HomeScreen.kt:32:29 Unresolved reference 'it'.
e: file:///E:/Android%20studio/SamiBoxTV/app/src/main/java/com/launcher/samiboxtv/ui/HomeScreen.kt:32:49 Cannot infer type for this parameter. Specify it 
explicitly.
e: file:///E:/Android%20studio/SamiBoxTV/app/src/main/java/com/launcher/samiboxtv/ui/HomeScreen.kt:33:13 @Composable invocations can only happen from the 
context of a @Composable function
e: file:///E:/Android%20studio/SamiBoxTV/app/src/main/java/com/launcher/samiboxtv/ui/HomeScreen.kt:43:14 Unresolved reference 'Fixed'.
e: file:///E:/Android%20studio/SamiBoxTV/app/src/main/java/com/launcher/samiboxtv/ui/HomeScreen.kt:48:32 Unresolved reference 'items'.

FAILURE: Build failed with an exception.

* What went wrong:
Execution failed for task ':app:compileDebugKotlin'.
> A failure occurred while executing org.jetbrains.kotlin.compilerRunner.GradleCompilerRunnerWithWorkers$GradleKotlinCompilerWorkAction
   > Compilation error. See log for more details

* Try:
> Run with --stacktrace option to get the stack trace.
> Run with --info or --debug option to get more log output.
> Run with --scan to get full insights from a Build Scan (powered by Develocity).
> Get more help at https://help.gradle.org.

BUILD FAILED in 2s
29 actionable tasks: 1 executed, 28 up-to-date
